[0.115s] Invoking command in '/home/skavrx/aizee/wsl_ws/build/moveit_aizee': CMAKE_PREFIX_PATH=${CMAKE_PREFIX_PATH}:/opt/ros/humble CONDA_PROMPT_MODIFIER=(base) /usr/bin/cmake /home/skavrx/aizee/wsl_ws/src/moveit_aizee -DCMAKE_INSTALL_PREFIX=/home/skavrx/aizee/wsl_ws/install/moveit_aizee
[0.470s] -- The C compiler identification is GNU 11.4.0
[1.262s] -- The CXX compiler identification is GNU 11.4.0
[1.717s] -- Detecting C compiler ABI info
[1.998s] -- Detecting C compiler ABI info - done
[2.007s] -- Check for working C compiler: /usr/bin/cc - skipped
[2.007s] -- Detecting C compile features
[2.008s] -- Detecting C compile features - done
[2.012s] -- Detecting CXX compiler ABI info
[2.305s] -- Detecting CXX compiler ABI info - done
[2.313s] -- Check for working CXX compiler: /usr/bin/c++ - skipped
[2.314s] -- Detecting CXX compile features
[2.314s] -- Detecting CXX compile features - done
[2.328s] -- Found ament_cmake: 1.3.11 (/opt/ros/humble/share/ament_cmake/cmake)
[3.072s] -- Found Python3: /home/skavrx/anaconda3/bin/python3 (found version "3.9.7") found components: Interpreter 
[3.388s] -- Configuring done
[3.398s] -- Generating done
[3.403s] -- Build files have been written to: /home/skavrx/aizee/wsl_ws/build/moveit_aizee
[3.410s] Invoked command in '/home/skavrx/aizee/wsl_ws/build/moveit_aizee' returned '0': CMAKE_PREFIX_PATH=${CMAKE_PREFIX_PATH}:/opt/ros/humble CONDA_PROMPT_MODIFIER=(base) /usr/bin/cmake /home/skavrx/aizee/wsl_ws/src/moveit_aizee -DCMAKE_INSTALL_PREFIX=/home/skavrx/aizee/wsl_ws/install/moveit_aizee
[3.412s] Invoking command in '/home/skavrx/aizee/wsl_ws/build/moveit_aizee': CMAKE_PREFIX_PATH=${CMAKE_PREFIX_PATH}:/opt/ros/humble CONDA_PROMPT_MODIFIER=(base) /usr/bin/cmake --build /home/skavrx/aizee/wsl_ws/build/moveit_aizee -- -j12 -l12
[3.476s] Invoked command in '/home/skavrx/aizee/wsl_ws/build/moveit_aizee' returned '0': CMAKE_PREFIX_PATH=${CMAKE_PREFIX_PATH}:/opt/ros/humble CONDA_PROMPT_MODIFIER=(base) /usr/bin/cmake --build /home/skavrx/aizee/wsl_ws/build/moveit_aizee -- -j12 -l12
[3.478s] Invoking command in '/home/skavrx/aizee/wsl_ws/build/moveit_aizee': CMAKE_PREFIX_PATH=${CMAKE_PREFIX_PATH}:/opt/ros/humble CONDA_PROMPT_MODIFIER=(base) /usr/bin/cmake --install /home/skavrx/aizee/wsl_ws/build/moveit_aizee
[3.489s] -- Install configuration: ""
[3.492s] -- Installing: /home/skavrx/aizee/wsl_ws/install/moveit_aizee/share/ament_index/resource_index/package_run_dependencies/moveit_aizee
[3.493s] -- Installing: /home/skavrx/aizee/wsl_ws/install/moveit_aizee/share/ament_index/resource_index/parent_prefix_path/moveit_aizee
[3.494s] -- Installing: /home/skavrx/aizee/wsl_ws/install/moveit_aizee/share/moveit_aizee/environment/ament_prefix_path.sh
[3.495s] -- Installing: /home/skavrx/aizee/wsl_ws/install/moveit_aizee/share/moveit_aizee/environment/ament_prefix_path.dsv
[3.495s] -- Installing: /home/skavrx/aizee/wsl_ws/install/moveit_aizee/share/moveit_aizee/environment/path.sh
[3.495s] -- Installing: /home/skavrx/aizee/wsl_ws/install/moveit_aizee/share/moveit_aizee/environment/path.dsv
[3.495s] -- Installing: /home/skavrx/aizee/wsl_ws/install/moveit_aizee/share/moveit_aizee/local_setup.bash
[3.496s] -- Installing: /home/skavrx/aizee/wsl_ws/install/moveit_aizee/share/moveit_aizee/local_setup.sh
[3.496s] -- Installing: /home/skavrx/aizee/wsl_ws/install/moveit_aizee/share/moveit_aizee/local_setup.zsh
[3.496s] -- Installing: /home/skavrx/aizee/wsl_ws/install/moveit_aizee/share/moveit_aizee/local_setup.dsv
[3.497s] -- Installing: /home/skavrx/aizee/wsl_ws/install/moveit_aizee/share/moveit_aizee/package.dsv
[3.498s] -- Installing: /home/skavrx/aizee/wsl_ws/install/moveit_aizee/share/ament_index/resource_index/packages/moveit_aizee
[3.499s] -- Installing: /home/skavrx/aizee/wsl_ws/install/moveit_aizee/share/moveit_aizee/cmake/moveit_aizeeConfig.cmake
[3.499s] -- Installing: /home/skavrx/aizee/wsl_ws/install/moveit_aizee/share/moveit_aizee/cmake/moveit_aizeeConfig-version.cmake
[3.499s] -- Installing: /home/skavrx/aizee/wsl_ws/install/moveit_aizee/share/moveit_aizee/package.xml
[3.499s] -- Installing: /home/skavrx/aizee/wsl_ws/install/moveit_aizee/share/moveit_aizee/launch
[3.500s] -- Installing: /home/skavrx/aizee/wsl_ws/install/moveit_aizee/share/moveit_aizee/launch/warehouse_db.launch.py
[3.500s] -- Installing: /home/skavrx/aizee/wsl_ws/install/moveit_aizee/share/moveit_aizee/launch/move_group.launch.py
[3.501s] -- Installing: /home/skavrx/aizee/wsl_ws/install/moveit_aizee/share/moveit_aizee/launch/static_virtual_joint_tfs.launch.py
[3.501s] -- Installing: /home/skavrx/aizee/wsl_ws/install/moveit_aizee/share/moveit_aizee/launch/setup_assistant.launch.py
[3.501s] -- Installing: /home/skavrx/aizee/wsl_ws/install/moveit_aizee/share/moveit_aizee/launch/spawn_controllers.launch.py
[3.501s] -- Installing: /home/skavrx/aizee/wsl_ws/install/moveit_aizee/share/moveit_aizee/launch/moveit_rviz.launch.py
[3.501s] -- Installing: /home/skavrx/aizee/wsl_ws/install/moveit_aizee/share/moveit_aizee/launch/rsp.launch.py
[3.501s] -- Installing: /home/skavrx/aizee/wsl_ws/install/moveit_aizee/share/moveit_aizee/launch/demo.launch.py
[3.502s] -- Installing: /home/skavrx/aizee/wsl_ws/install/moveit_aizee/share/moveit_aizee/config
[3.502s] -- Installing: /home/skavrx/aizee/wsl_ws/install/moveit_aizee/share/moveit_aizee/config/aizee_model.ros2_control.xacro
[3.503s] -- Installing: /home/skavrx/aizee/wsl_ws/install/moveit_aizee/share/moveit_aizee/config/moveit.rviz
[3.503s] -- Installing: /home/skavrx/aizee/wsl_ws/install/moveit_aizee/share/moveit_aizee/config/pilz_cartesian_limits.yaml
[3.503s] -- Installing: /home/skavrx/aizee/wsl_ws/install/moveit_aizee/share/moveit_aizee/config/kinematics.yaml
[3.503s] -- Installing: /home/skavrx/aizee/wsl_ws/install/moveit_aizee/share/moveit_aizee/config/aizee_model.urdf.xacro
[3.503s] -- Installing: /home/skavrx/aizee/wsl_ws/install/moveit_aizee/share/moveit_aizee/config/ros2_controllers.yaml
[3.504s] -- Installing: /home/skavrx/aizee/wsl_ws/install/moveit_aizee/share/moveit_aizee/config/initial_positions.yaml
[3.504s] -- Installing: /home/skavrx/aizee/wsl_ws/install/moveit_aizee/share/moveit_aizee/config/moveit_controllers.yaml
[3.504s] -- Installing: /home/skavrx/aizee/wsl_ws/install/moveit_aizee/share/moveit_aizee/config/aizee_model.srdf
[3.504s] -- Installing: /home/skavrx/aizee/wsl_ws/install/moveit_aizee/share/moveit_aizee/config/joint_limits.yaml
[3.504s] -- Installing: /home/skavrx/aizee/wsl_ws/install/moveit_aizee/share/moveit_aizee/.setup_assistant
[3.509s] Invoked command in '/home/skavrx/aizee/wsl_ws/build/moveit_aizee' returned '0': CMAKE_PREFIX_PATH=${CMAKE_PREFIX_PATH}:/opt/ros/humble CONDA_PROMPT_MODIFIER=(base) /usr/bin/cmake --install /home/skavrx/aizee/wsl_ws/build/moveit_aizee
