[0.023s] Invoking command in '/home/skavrx/aizee/wsl_ws/build/aizee_model': CMAKE_PREFIX_PATH=${CMAKE_PREFIX_PATH}:/opt/ros/humble CONDA_PROMPT_MODIFIER=(base) /usr/bin/cmake --build /home/skavrx/aizee/wsl_ws/build/aizee_model -- -j12 -l12
[0.129s] Invoked command in '/home/skavrx/aizee/wsl_ws/build/aizee_model' returned '0': CMAKE_PREFIX_PATH=${CMAKE_PREFIX_PATH}:/opt/ros/humble CONDA_PROMPT_MODIFIER=(base) /usr/bin/cmake --build /home/skavrx/aizee/wsl_ws/build/aizee_model -- -j12 -l12
[0.144s] Invoking command in '/home/skavrx/aizee/wsl_ws/build/aizee_model': CMAKE_PREFIX_PATH=${CMAKE_PREFIX_PATH}:/opt/ros/humble CONDA_PROMPT_MODIFIER=(base) /usr/bin/cmake --install /home/skavrx/aizee/wsl_ws/build/aizee_model
[0.156s] -- Install configuration: ""
[0.157s] -- Execute custom install script
[0.158s] -- Symlinking: /home/skavrx/aizee/wsl_ws/install/aizee_model/share/aizee_model/config/joint_names_aizee_model.yaml
[0.173s] -- Up-to-date symlink: /home/skavrx/aizee/wsl_ws/install/aizee_model/share/aizee_model/launch/display.launch
[0.173s] -- Up-to-date symlink: /home/skavrx/aizee/wsl_ws/install/aizee_model/share/aizee_model/launch/gazebo.launch
[0.174s] -- Up-to-date symlink: /home/skavrx/aizee/wsl_ws/install/aizee_model/share/aizee_model/meshes/base_link.STL
[0.174s] -- Up-to-date symlink: /home/skavrx/aizee/wsl_ws/install/aizee_model/share/aizee_model/meshes/bl_wheel_link.STL
[0.174s] -- Up-to-date symlink: /home/skavrx/aizee/wsl_ws/install/aizee_model/share/aizee_model/meshes/br_wheel_link.STL
[0.175s] -- Up-to-date symlink: /home/skavrx/aizee/wsl_ws/install/aizee_model/share/aizee_model/meshes/fl_wheel_link.STL
[0.175s] -- Up-to-date symlink: /home/skavrx/aizee/wsl_ws/install/aizee_model/share/aizee_model/meshes/fr_wheel_link.STL
[0.176s] -- Up-to-date symlink: /home/skavrx/aizee/wsl_ws/install/aizee_model/share/aizee_model/meshes/gantry_base_link.STL
[0.176s] -- Up-to-date symlink: /home/skavrx/aizee/wsl_ws/install/aizee_model/share/aizee_model/meshes/gantry_swivel_link.STL
[0.177s] -- Up-to-date symlink: /home/skavrx/aizee/wsl_ws/install/aizee_model/share/aizee_model/meshes/head_pitch_link.STL
[0.177s] -- Up-to-date symlink: /home/skavrx/aizee/wsl_ws/install/aizee_model/share/aizee_model/meshes/head_swivel_link.STL
[0.178s] -- Up-to-date symlink: /home/skavrx/aizee/wsl_ws/install/aizee_model/share/aizee_model/meshes/head_tilt_link.STL
[0.178s] -- Up-to-date symlink: /home/skavrx/aizee/wsl_ws/install/aizee_model/share/aizee_model/meshes/left_forearm_link.STL
[0.179s] -- Up-to-date symlink: /home/skavrx/aizee/wsl_ws/install/aizee_model/share/aizee_model/meshes/left_lower_elbow_link.STL
[0.179s] -- Up-to-date symlink: /home/skavrx/aizee/wsl_ws/install/aizee_model/share/aizee_model/meshes/left_shoulder_pitch_link.STL
[0.180s] -- Up-to-date symlink: /home/skavrx/aizee/wsl_ws/install/aizee_model/share/aizee_model/meshes/left_upper_arm_link.STL
[0.180s] -- Up-to-date symlink: /home/skavrx/aizee/wsl_ws/install/aizee_model/share/aizee_model/meshes/left_upper_elbow_link.STL
[0.181s] -- Up-to-date symlink: /home/skavrx/aizee/wsl_ws/install/aizee_model/share/aizee_model/meshes/left_wrist_pitch_link.STL
[0.181s] -- Up-to-date symlink: /home/skavrx/aizee/wsl_ws/install/aizee_model/share/aizee_model/meshes/left_wrist_tool_link.STL
[0.182s] -- Up-to-date symlink: /home/skavrx/aizee/wsl_ws/install/aizee_model/share/aizee_model/meshes/right_forearm_link.STL
[0.182s] -- Up-to-date symlink: /home/skavrx/aizee/wsl_ws/install/aizee_model/share/aizee_model/meshes/right_lower_elbow_link.STL
[0.183s] -- Up-to-date symlink: /home/skavrx/aizee/wsl_ws/install/aizee_model/share/aizee_model/meshes/right_shoulder_pitch_link.STL
[0.183s] -- Up-to-date symlink: /home/skavrx/aizee/wsl_ws/install/aizee_model/share/aizee_model/meshes/right_upper_arm_link.STL
[0.184s] -- Up-to-date symlink: /home/skavrx/aizee/wsl_ws/install/aizee_model/share/aizee_model/meshes/right_upper_elbow_link.STL
[0.184s] -- Up-to-date symlink: /home/skavrx/aizee/wsl_ws/install/aizee_model/share/aizee_model/meshes/right_wrist_pitch_link.STL
[0.185s] -- Up-to-date symlink: /home/skavrx/aizee/wsl_ws/install/aizee_model/share/aizee_model/meshes/right_wrist_tool_link.STL
[0.185s] -- Symlinking: /home/skavrx/aizee/wsl_ws/install/aizee_model/share/aizee_model/urdf/aizee_model.csv
[0.198s] -- Symlinking: /home/skavrx/aizee/wsl_ws/install/aizee_model/share/aizee_model/urdf/aizee_model.urdf
[0.213s] -- Up-to-date symlink: /home/skavrx/aizee/wsl_ws/install/aizee_model/share/ament_index/resource_index/package_run_dependencies/aizee_model
[0.213s] -- Up-to-date symlink: /home/skavrx/aizee/wsl_ws/install/aizee_model/share/ament_index/resource_index/parent_prefix_path/aizee_model
[0.214s] -- Up-to-date symlink: /home/skavrx/aizee/wsl_ws/install/aizee_model/share/aizee_model/environment/ament_prefix_path.sh
[0.215s] -- Up-to-date symlink: /home/skavrx/aizee/wsl_ws/install/aizee_model/share/aizee_model/environment/ament_prefix_path.dsv
[0.215s] -- Up-to-date symlink: /home/skavrx/aizee/wsl_ws/install/aizee_model/share/aizee_model/environment/path.sh
[0.216s] -- Up-to-date symlink: /home/skavrx/aizee/wsl_ws/install/aizee_model/share/aizee_model/environment/path.dsv
[0.216s] -- Up-to-date symlink: /home/skavrx/aizee/wsl_ws/install/aizee_model/share/aizee_model/local_setup.bash
[0.217s] -- Up-to-date symlink: /home/skavrx/aizee/wsl_ws/install/aizee_model/share/aizee_model/local_setup.sh
[0.217s] -- Up-to-date symlink: /home/skavrx/aizee/wsl_ws/install/aizee_model/share/aizee_model/local_setup.zsh
[0.218s] -- Up-to-date symlink: /home/skavrx/aizee/wsl_ws/install/aizee_model/share/aizee_model/local_setup.dsv
[0.218s] -- Symlinking: /home/skavrx/aizee/wsl_ws/install/aizee_model/share/aizee_model/package.dsv
[0.232s] -- Up-to-date symlink: /home/skavrx/aizee/wsl_ws/install/aizee_model/share/ament_index/resource_index/packages/aizee_model
[0.232s] -- Up-to-date symlink: /home/skavrx/aizee/wsl_ws/install/aizee_model/share/aizee_model/cmake/aizee_modelConfig.cmake
[0.233s] -- Up-to-date symlink: /home/skavrx/aizee/wsl_ws/install/aizee_model/share/aizee_model/cmake/aizee_modelConfig-version.cmake
[0.233s] -- Up-to-date symlink: /home/skavrx/aizee/wsl_ws/install/aizee_model/share/aizee_model/package.xml
[0.237s] Invoked command in '/home/skavrx/aizee/wsl_ws/build/aizee_model' returned '0': CMAKE_PREFIX_PATH=${CMAKE_PREFIX_PATH}:/opt/ros/humble CONDA_PROMPT_MODIFIER=(base) /usr/bin/cmake --install /home/skavrx/aizee/wsl_ws/build/aizee_model
