[0.019s] Invoking command in '/home/skavrx/aizee/wsl_ws/build/aizee_model': CMAKE_PREFIX_PATH=/opt/ros/humble CONDA_PROMPT_MODIFIER=(base) /usr/bin/cmake /home/skavrx/aizee/wsl_ws/src/aizee_model -DAMENT_CMAKE_SYMLINK_INSTALL=1 -DCMAKE_INSTALL_PREFIX=/home/skavrx/aizee/wsl_ws/install/aizee_model
[0.248s] -- The C compiler identification is GNU 11.4.0
[1.078s] -- The CXX compiler identification is GNU 11.4.0
[1.705s] -- Detecting C compiler ABI info
[1.943s] -- Detecting C compiler ABI info - done
[1.950s] -- Check for working C compiler: /usr/bin/cc - skipped
[1.950s] -- Detecting C compile features
[1.950s] -- Detecting C compile features - done
[1.953s] -- Detecting CXX compiler ABI info
[2.201s] -- Detecting CXX compiler ABI info - done
[2.208s] -- Check for working CXX compiler: /usr/bin/c++ - skipped
[2.209s] -- Detecting CXX compile features
[2.209s] -- Detecting CXX compile features - done
[2.212s] -- Found ament_cmake: 1.3.11 (/opt/ros/humble/share/ament_cmake/cmake)
[2.831s] -- Found Python3: /home/skavrx/anaconda3/bin/python3 (found version "3.9.7") found components: Interpreter 
[2.940s] -- Override CMake install command with custom implementation using symlinks instead of copying resources
[2.972s] -- Found ament_lint_auto: 0.12.11 (/opt/ros/humble/share/ament_lint_auto/cmake)
[3.119s] -- Added test 'lint_cmake' to check CMake code style
[3.123s] -- Added test 'xmllint' to check XML markup files
[3.126s] -- Configuring done
[3.134s] -- Generating done
[3.137s] -- Build files have been written to: /home/skavrx/aizee/wsl_ws/build/aizee_model
[3.144s] Invoked command in '/home/skavrx/aizee/wsl_ws/build/aizee_model' returned '0': CMAKE_PREFIX_PATH=/opt/ros/humble CONDA_PROMPT_MODIFIER=(base) /usr/bin/cmake /home/skavrx/aizee/wsl_ws/src/aizee_model -DAMENT_CMAKE_SYMLINK_INSTALL=1 -DCMAKE_INSTALL_PREFIX=/home/skavrx/aizee/wsl_ws/install/aizee_model
[3.146s] Invoking command in '/home/skavrx/aizee/wsl_ws/build/aizee_model': CMAKE_PREFIX_PATH=/opt/ros/humble CONDA_PROMPT_MODIFIER=(base) /usr/bin/cmake --build /home/skavrx/aizee/wsl_ws/build/aizee_model -- -j12 -l12
[3.201s] Invoked command in '/home/skavrx/aizee/wsl_ws/build/aizee_model' returned '0': CMAKE_PREFIX_PATH=/opt/ros/humble CONDA_PROMPT_MODIFIER=(base) /usr/bin/cmake --build /home/skavrx/aizee/wsl_ws/build/aizee_model -- -j12 -l12
[3.215s] Invoking command in '/home/skavrx/aizee/wsl_ws/build/aizee_model': CMAKE_PREFIX_PATH=/opt/ros/humble CONDA_PROMPT_MODIFIER=(base) /usr/bin/cmake --install /home/skavrx/aizee/wsl_ws/build/aizee_model
[3.226s] -- Install configuration: ""
[3.227s] -- Execute custom install script
[3.229s] -- Symlinking: /home/skavrx/aizee/wsl_ws/install/aizee_model/share/aizee_model/config/joint_names_aizee_urdf.yaml
[3.243s] -- Symlinking: /home/skavrx/aizee/wsl_ws/install/aizee_model/share/aizee_model/launch/display.launch
[3.258s] -- Symlinking: /home/skavrx/aizee/wsl_ws/install/aizee_model/share/aizee_model/launch/gazebo.launch
[3.272s] -- Symlinking: /home/skavrx/aizee/wsl_ws/install/aizee_model/share/aizee_model/meshes/base_link.STL
[3.286s] -- Symlinking: /home/skavrx/aizee/wsl_ws/install/aizee_model/share/aizee_model/meshes/bl_wheel_link.STL
[3.298s] -- Symlinking: /home/skavrx/aizee/wsl_ws/install/aizee_model/share/aizee_model/meshes/br_wheel_link.STL
[3.311s] -- Symlinking: /home/skavrx/aizee/wsl_ws/install/aizee_model/share/aizee_model/meshes/fl_wheel_link.STL
[3.324s] -- Symlinking: /home/skavrx/aizee/wsl_ws/install/aizee_model/share/aizee_model/meshes/fr_wheel_link.STL
[3.337s] -- Symlinking: /home/skavrx/aizee/wsl_ws/install/aizee_model/share/aizee_model/meshes/gantry_base_link.STL
[3.351s] -- Symlinking: /home/skavrx/aizee/wsl_ws/install/aizee_model/share/aizee_model/meshes/gantry_swivel_link.STL
[3.364s] -- Symlinking: /home/skavrx/aizee/wsl_ws/install/aizee_model/share/aizee_model/meshes/head_pitch_link.STL
[3.376s] -- Symlinking: /home/skavrx/aizee/wsl_ws/install/aizee_model/share/aizee_model/meshes/head_swivel_link.STL
[3.391s] -- Symlinking: /home/skavrx/aizee/wsl_ws/install/aizee_model/share/aizee_model/meshes/head_tilt_link.STL
[3.403s] -- Symlinking: /home/skavrx/aizee/wsl_ws/install/aizee_model/share/aizee_model/meshes/left_forearm_link.STL
[3.415s] -- Symlinking: /home/skavrx/aizee/wsl_ws/install/aizee_model/share/aizee_model/meshes/left_lower_elbow_link.STL
[3.429s] -- Symlinking: /home/skavrx/aizee/wsl_ws/install/aizee_model/share/aizee_model/meshes/left_shoulder_pitch_link.STL
[3.442s] -- Symlinking: /home/skavrx/aizee/wsl_ws/install/aizee_model/share/aizee_model/meshes/left_upper_arm_link.STL
[3.455s] -- Symlinking: /home/skavrx/aizee/wsl_ws/install/aizee_model/share/aizee_model/meshes/left_upper_elbow_link.STL
[3.467s] -- Symlinking: /home/skavrx/aizee/wsl_ws/install/aizee_model/share/aizee_model/meshes/left_wrist_pitch_link.STL
[3.479s] -- Symlinking: /home/skavrx/aizee/wsl_ws/install/aizee_model/share/aizee_model/meshes/right_forearm_link.STL
[3.492s] -- Symlinking: /home/skavrx/aizee/wsl_ws/install/aizee_model/share/aizee_model/meshes/right_lower_elbow_link.STL
[3.506s] -- Symlinking: /home/skavrx/aizee/wsl_ws/install/aizee_model/share/aizee_model/meshes/right_shoulder_pitch_link.STL
[3.520s] -- Symlinking: /home/skavrx/aizee/wsl_ws/install/aizee_model/share/aizee_model/meshes/right_upper_arm_link.STL
[3.534s] -- Symlinking: /home/skavrx/aizee/wsl_ws/install/aizee_model/share/aizee_model/meshes/right_upper_elbow_link.STL
[3.549s] -- Symlinking: /home/skavrx/aizee/wsl_ws/install/aizee_model/share/aizee_model/meshes/wrist_pitch_link.STL
[3.563s] -- Symlinking: /home/skavrx/aizee/wsl_ws/install/aizee_model/share/aizee_model/urdf/aizee_urdf.csv
[3.577s] -- Symlinking: /home/skavrx/aizee/wsl_ws/install/aizee_model/share/aizee_model/urdf/aizee_urdf.urdf
[3.593s] -- Symlinking: /home/skavrx/aizee/wsl_ws/install/aizee_model/share/ament_index/resource_index/package_run_dependencies/aizee_model
[3.608s] -- Symlinking: /home/skavrx/aizee/wsl_ws/install/aizee_model/share/ament_index/resource_index/parent_prefix_path/aizee_model
[3.622s] -- Symlinking: /home/skavrx/aizee/wsl_ws/install/aizee_model/share/aizee_model/environment/ament_prefix_path.sh
[3.635s] -- Symlinking: /home/skavrx/aizee/wsl_ws/install/aizee_model/share/aizee_model/environment/ament_prefix_path.dsv
[3.649s] -- Symlinking: /home/skavrx/aizee/wsl_ws/install/aizee_model/share/aizee_model/environment/path.sh
[3.662s] -- Symlinking: /home/skavrx/aizee/wsl_ws/install/aizee_model/share/aizee_model/environment/path.dsv
[3.676s] -- Symlinking: /home/skavrx/aizee/wsl_ws/install/aizee_model/share/aizee_model/local_setup.bash
[3.689s] -- Symlinking: /home/skavrx/aizee/wsl_ws/install/aizee_model/share/aizee_model/local_setup.sh
[3.702s] -- Symlinking: /home/skavrx/aizee/wsl_ws/install/aizee_model/share/aizee_model/local_setup.zsh
[3.715s] -- Symlinking: /home/skavrx/aizee/wsl_ws/install/aizee_model/share/aizee_model/local_setup.dsv
[3.728s] -- Symlinking: /home/skavrx/aizee/wsl_ws/install/aizee_model/share/aizee_model/package.dsv
[3.742s] -- Symlinking: /home/skavrx/aizee/wsl_ws/install/aizee_model/share/ament_index/resource_index/packages/aizee_model
[3.755s] -- Symlinking: /home/skavrx/aizee/wsl_ws/install/aizee_model/share/aizee_model/cmake/aizee_modelConfig.cmake
[3.769s] -- Symlinking: /home/skavrx/aizee/wsl_ws/install/aizee_model/share/aizee_model/cmake/aizee_modelConfig-version.cmake
[3.783s] -- Symlinking: /home/skavrx/aizee/wsl_ws/install/aizee_model/share/aizee_model/package.xml
[3.798s] Invoked command in '/home/skavrx/aizee/wsl_ws/build/aizee_model' returned '0': CMAKE_PREFIX_PATH=/opt/ros/humble CONDA_PROMPT_MODIFIER=(base) /usr/bin/cmake --install /home/skavrx/aizee/wsl_ws/build/aizee_model
