[0.021s] Invoking command in '/home/skavrx/aizee/wsl_ws/build/aizee_model': CMAKE_PREFIX_PATH=${CMAKE_PREFIX_PATH}:/opt/ros/humble CONDA_PROMPT_MODIFIER=(base) /usr/bin/cmake --build /home/skavrx/aizee/wsl_ws/build/aizee_model -- -j12 -l12
[0.121s] Invoked command in '/home/skavrx/aizee/wsl_ws/build/aizee_model' returned '0': CMAKE_PREFIX_PATH=${CMAKE_PREFIX_PATH}:/opt/ros/humble CONDA_PROMPT_MODIFIER=(base) /usr/bin/cmake --build /home/skavrx/aizee/wsl_ws/build/aizee_model -- -j12 -l12
[0.139s] Invoking command in '/home/skavrx/aizee/wsl_ws/build/aizee_model': CMAKE_PREFIX_PATH=${CMAKE_PREFIX_PATH}:/opt/ros/humble CONDA_PROMPT_MODIFIER=(base) /usr/bin/cmake --install /home/skavrx/aizee/wsl_ws/build/aizee_model
[0.151s] -- Install configuration: ""
[0.153s] -- Execute custom install script
[0.154s] -- Up-to-date symlink: /home/skavrx/aizee/wsl_ws/install/aizee_model/share/aizee_model/config/joint_names_aizee_urdf.yaml
[0.155s] -- Up-to-date symlink: /home/skavrx/aizee/wsl_ws/install/aizee_model/share/aizee_model/launch/display.launch
[0.155s] -- Up-to-date symlink: /home/skavrx/aizee/wsl_ws/install/aizee_model/share/aizee_model/launch/gazebo.launch
[0.156s] -- Up-to-date symlink: /home/skavrx/aizee/wsl_ws/install/aizee_model/share/aizee_model/meshes/base_link.STL
[0.157s] -- Up-to-date symlink: /home/skavrx/aizee/wsl_ws/install/aizee_model/share/aizee_model/meshes/bl_wheel_link.STL
[0.157s] -- Up-to-date symlink: /home/skavrx/aizee/wsl_ws/install/aizee_model/share/aizee_model/meshes/br_wheel_link.STL
[0.158s] -- Up-to-date symlink: /home/skavrx/aizee/wsl_ws/install/aizee_model/share/aizee_model/meshes/fl_wheel_link.STL
[0.158s] -- Up-to-date symlink: /home/skavrx/aizee/wsl_ws/install/aizee_model/share/aizee_model/meshes/fr_wheel_link.STL
[0.159s] -- Up-to-date symlink: /home/skavrx/aizee/wsl_ws/install/aizee_model/share/aizee_model/meshes/gantry_base_link.STL
[0.159s] -- Up-to-date symlink: /home/skavrx/aizee/wsl_ws/install/aizee_model/share/aizee_model/meshes/gantry_swivel_link.STL
[0.160s] -- Up-to-date symlink: /home/skavrx/aizee/wsl_ws/install/aizee_model/share/aizee_model/meshes/head_pitch_link.STL
[0.160s] -- Up-to-date symlink: /home/skavrx/aizee/wsl_ws/install/aizee_model/share/aizee_model/meshes/head_swivel_link.STL
[0.160s] -- Up-to-date symlink: /home/skavrx/aizee/wsl_ws/install/aizee_model/share/aizee_model/meshes/head_tilt_link.STL
[0.161s] -- Up-to-date symlink: /home/skavrx/aizee/wsl_ws/install/aizee_model/share/aizee_model/meshes/left_forearm_link.STL
[0.161s] -- Up-to-date symlink: /home/skavrx/aizee/wsl_ws/install/aizee_model/share/aizee_model/meshes/left_lower_elbow_link.STL
[0.162s] -- Up-to-date symlink: /home/skavrx/aizee/wsl_ws/install/aizee_model/share/aizee_model/meshes/left_shoulder_pitch_link.STL
[0.162s] -- Up-to-date symlink: /home/skavrx/aizee/wsl_ws/install/aizee_model/share/aizee_model/meshes/left_upper_arm_link.STL
[0.163s] -- Up-to-date symlink: /home/skavrx/aizee/wsl_ws/install/aizee_model/share/aizee_model/meshes/left_upper_elbow_link.STL
[0.163s] -- Up-to-date symlink: /home/skavrx/aizee/wsl_ws/install/aizee_model/share/aizee_model/meshes/left_wrist_pitch_link.STL
[0.163s] -- Symlinking: /home/skavrx/aizee/wsl_ws/install/aizee_model/share/aizee_model/meshes/left_wrist_tool_link.STL
[0.177s] -- Up-to-date symlink: /home/skavrx/aizee/wsl_ws/install/aizee_model/share/aizee_model/meshes/right_forearm_link.STL
[0.177s] -- Up-to-date symlink: /home/skavrx/aizee/wsl_ws/install/aizee_model/share/aizee_model/meshes/right_lower_elbow_link.STL
[0.178s] -- Up-to-date symlink: /home/skavrx/aizee/wsl_ws/install/aizee_model/share/aizee_model/meshes/right_shoulder_pitch_link.STL
[0.178s] -- Up-to-date symlink: /home/skavrx/aizee/wsl_ws/install/aizee_model/share/aizee_model/meshes/right_upper_arm_link.STL
[0.179s] -- Up-to-date symlink: /home/skavrx/aizee/wsl_ws/install/aizee_model/share/aizee_model/meshes/right_upper_elbow_link.STL
[0.179s] -- Symlinking: /home/skavrx/aizee/wsl_ws/install/aizee_model/share/aizee_model/meshes/right_wrist_pitch_link.STL
[0.192s] -- Symlinking: /home/skavrx/aizee/wsl_ws/install/aizee_model/share/aizee_model/meshes/right_wrist_tool_link.STL
[0.205s] -- Up-to-date symlink: /home/skavrx/aizee/wsl_ws/install/aizee_model/share/aizee_model/urdf/aizee_urdf.csv
[0.205s] -- Up-to-date symlink: /home/skavrx/aizee/wsl_ws/install/aizee_model/share/aizee_model/urdf/aizee_urdf.urdf
[0.205s] -- Up-to-date symlink: /home/skavrx/aizee/wsl_ws/install/aizee_model/share/ament_index/resource_index/package_run_dependencies/aizee_model
[0.206s] -- Up-to-date symlink: /home/skavrx/aizee/wsl_ws/install/aizee_model/share/ament_index/resource_index/parent_prefix_path/aizee_model
[0.206s] -- Up-to-date symlink: /home/skavrx/aizee/wsl_ws/install/aizee_model/share/aizee_model/environment/ament_prefix_path.sh
[0.207s] -- Up-to-date symlink: /home/skavrx/aizee/wsl_ws/install/aizee_model/share/aizee_model/environment/ament_prefix_path.dsv
[0.207s] -- Up-to-date symlink: /home/skavrx/aizee/wsl_ws/install/aizee_model/share/aizee_model/environment/path.sh
[0.208s] -- Up-to-date symlink: /home/skavrx/aizee/wsl_ws/install/aizee_model/share/aizee_model/environment/path.dsv
[0.208s] -- Up-to-date symlink: /home/skavrx/aizee/wsl_ws/install/aizee_model/share/aizee_model/local_setup.bash
[0.209s] -- Up-to-date symlink: /home/skavrx/aizee/wsl_ws/install/aizee_model/share/aizee_model/local_setup.sh
[0.209s] -- Up-to-date symlink: /home/skavrx/aizee/wsl_ws/install/aizee_model/share/aizee_model/local_setup.zsh
[0.209s] -- Up-to-date symlink: /home/skavrx/aizee/wsl_ws/install/aizee_model/share/aizee_model/local_setup.dsv
[0.210s] -- Symlinking: /home/skavrx/aizee/wsl_ws/install/aizee_model/share/aizee_model/package.dsv
[0.225s] -- Up-to-date symlink: /home/skavrx/aizee/wsl_ws/install/aizee_model/share/ament_index/resource_index/packages/aizee_model
[0.225s] -- Up-to-date symlink: /home/skavrx/aizee/wsl_ws/install/aizee_model/share/aizee_model/cmake/aizee_modelConfig.cmake
[0.225s] -- Up-to-date symlink: /home/skavrx/aizee/wsl_ws/install/aizee_model/share/aizee_model/cmake/aizee_modelConfig-version.cmake
[0.226s] -- Up-to-date symlink: /home/skavrx/aizee/wsl_ws/install/aizee_model/share/aizee_model/package.xml
[0.229s] Invoked command in '/home/skavrx/aizee/wsl_ws/build/aizee_model' returned '0': CMAKE_PREFIX_PATH=${CMAKE_PREFIX_PATH}:/opt/ros/humble CONDA_PROMPT_MODIFIER=(base) /usr/bin/cmake --install /home/skavrx/aizee/wsl_ws/build/aizee_model
