[0.277s] DEBUG:colcon:Command line arguments: ['/usr/bin/colcon', 'build']
[0.278s] DEBUG:colcon:Parsed command line arguments: Namespace(log_base=None, log_level=None, verb_name='build', build_base='build', install_base='install', merge_install=False, symlink_install=False, test_result_base=None, continue_on_error=False, executor='parallel', parallel_workers=6, event_handlers=None, ignore_user_meta=False, metas=['./colcon.meta'], base_paths=['.'], packages_ignore=None, packages_ignore_regex=None, paths=None, packages_up_to=None, packages_up_to_regex=None, packages_above=None, packages_above_and_dependencies=None, packages_above_depth=None, packages_select_by_dep=None, packages_skip_by_dep=None, packages_skip_up_to=None, packages_select_build_failed=False, packages_skip_build_finished=False, packages_select_test_failures=False, packages_skip_test_passed=False, packages_select=None, packages_skip=None, packages_select_regex=None, packages_skip_regex=None, packages_start=None, packages_end=None, allow_overriding=[], cmake_args=None, cmake_target=None, cmake_target_skip_unavailable=False, cmake_clean_cache=False, cmake_clean_first=False, cmake_force_configure=False, ament_cmake_args=None, catkin_cmake_args=None, catkin_skip_building_tests=False, mixin_files=None, mixin=None, verb_parser=<colcon_mixin.mixin.mixin_argument.MixinArgumentDecorator object at 0xffffab2d3490>, verb_extension=<colcon_core.verb.build.BuildVerb object at 0xffffab2d2e60>, main=<bound method BuildVerb.main of <colcon_core.verb.build.BuildVerb object at 0xffffab2d2e60>>, mixin_verb=('build',))
[0.714s] Level 1:colcon.colcon_core.package_discovery:discover_packages(colcon_meta) check parameters
[0.715s] Level 1:colcon.colcon_core.package_discovery:discover_packages(recursive) check parameters
[0.715s] Level 1:colcon.colcon_core.package_discovery:discover_packages(ignore) check parameters
[0.715s] Level 1:colcon.colcon_core.package_discovery:discover_packages(path) check parameters
[0.715s] Level 1:colcon.colcon_core.package_discovery:discover_packages(colcon_meta) discover
[0.715s] Level 1:colcon.colcon_core.package_discovery:discover_packages(recursive) discover
[0.715s] INFO:colcon.colcon_core.package_discovery:Crawling recursively for packages in '/home/ltr/aizee/jetson_ws'
[0.716s] Level 1:colcon.colcon_core.package_identification:_identify(.) by extensions ['ignore', 'ignore_ament_install']
[0.716s] Level 1:colcon.colcon_core.package_identification:_identify(.) by extension 'ignore'
[0.716s] Level 1:colcon.colcon_core.package_identification:_identify(.) by extension 'ignore_ament_install'
[0.716s] Level 1:colcon.colcon_core.package_identification:_identify(.) by extensions ['colcon_pkg']
[0.716s] Level 1:colcon.colcon_core.package_identification:_identify(.) by extension 'colcon_pkg'
[0.716s] Level 1:colcon.colcon_core.package_identification:_identify(.) by extensions ['colcon_meta']
[0.717s] Level 1:colcon.colcon_core.package_identification:_identify(.) by extension 'colcon_meta'
[0.717s] Level 1:colcon.colcon_core.package_identification:_identify(.) by extensions ['ros']
[0.717s] Level 1:colcon.colcon_core.package_identification:_identify(.) by extension 'ros'
[0.743s] Level 1:colcon.colcon_core.package_identification:_identify(.) by extensions ['cmake', 'python']
[0.744s] Level 1:colcon.colcon_core.package_identification:_identify(.) by extension 'cmake'
[0.744s] Level 1:colcon.colcon_core.package_identification:_identify(.) by extension 'python'
[0.744s] Level 1:colcon.colcon_core.package_identification:_identify(.) by extensions ['python_setup_py']
[0.744s] Level 1:colcon.colcon_core.package_identification:_identify(.) by extension 'python_setup_py'
[0.744s] Level 1:colcon.colcon_core.package_identification:_identify(build) by extensions ['ignore', 'ignore_ament_install']
[0.745s] Level 1:colcon.colcon_core.package_identification:_identify(build) by extension 'ignore'
[0.745s] Level 1:colcon.colcon_core.package_identification:_identify(build) ignored
[0.745s] Level 1:colcon.colcon_core.package_identification:_identify(install) by extensions ['ignore', 'ignore_ament_install']
[0.745s] Level 1:colcon.colcon_core.package_identification:_identify(install) by extension 'ignore'
[0.746s] Level 1:colcon.colcon_core.package_identification:_identify(install) ignored
[0.746s] Level 1:colcon.colcon_core.package_identification:_identify(log) by extensions ['ignore', 'ignore_ament_install']
[0.746s] Level 1:colcon.colcon_core.package_identification:_identify(log) by extension 'ignore'
[0.746s] Level 1:colcon.colcon_core.package_identification:_identify(log) ignored
[0.746s] Level 1:colcon.colcon_core.package_identification:_identify(src) by extensions ['ignore', 'ignore_ament_install']
[0.747s] Level 1:colcon.colcon_core.package_identification:_identify(src) by extension 'ignore'
[0.747s] Level 1:colcon.colcon_core.package_identification:_identify(src) by extension 'ignore_ament_install'
[0.747s] Level 1:colcon.colcon_core.package_identification:_identify(src) by extensions ['colcon_pkg']
[0.747s] Level 1:colcon.colcon_core.package_identification:_identify(src) by extension 'colcon_pkg'
[0.747s] Level 1:colcon.colcon_core.package_identification:_identify(src) by extensions ['colcon_meta']
[0.747s] Level 1:colcon.colcon_core.package_identification:_identify(src) by extension 'colcon_meta'
[0.747s] Level 1:colcon.colcon_core.package_identification:_identify(src) by extensions ['ros']
[0.747s] Level 1:colcon.colcon_core.package_identification:_identify(src) by extension 'ros'
[0.747s] Level 1:colcon.colcon_core.package_identification:_identify(src) by extensions ['cmake', 'python']
[0.748s] Level 1:colcon.colcon_core.package_identification:_identify(src) by extension 'cmake'
[0.748s] Level 1:colcon.colcon_core.package_identification:_identify(src) by extension 'python'
[0.748s] Level 1:colcon.colcon_core.package_identification:_identify(src) by extensions ['python_setup_py']
[0.748s] Level 1:colcon.colcon_core.package_identification:_identify(src) by extension 'python_setup_py'
[0.748s] Level 1:colcon.colcon_core.package_identification:_identify(src/rplidar_ros) by extensions ['ignore', 'ignore_ament_install']
[0.748s] Level 1:colcon.colcon_core.package_identification:_identify(src/rplidar_ros) by extension 'ignore'
[0.748s] Level 1:colcon.colcon_core.package_identification:_identify(src/rplidar_ros) by extension 'ignore_ament_install'
[0.749s] Level 1:colcon.colcon_core.package_identification:_identify(src/rplidar_ros) by extensions ['colcon_pkg']
[0.749s] Level 1:colcon.colcon_core.package_identification:_identify(src/rplidar_ros) by extension 'colcon_pkg'
[0.749s] Level 1:colcon.colcon_core.package_identification:_identify(src/rplidar_ros) by extensions ['colcon_meta']
[0.749s] Level 1:colcon.colcon_core.package_identification:_identify(src/rplidar_ros) by extension 'colcon_meta'
[0.749s] Level 1:colcon.colcon_core.package_identification:_identify(src/rplidar_ros) by extensions ['ros']
[0.749s] Level 1:colcon.colcon_core.package_identification:_identify(src/rplidar_ros) by extension 'ros'
[0.755s] DEBUG:colcon.colcon_core.package_identification:Package 'src/rplidar_ros' with type 'ros.ament_cmake' and name 'rplidar_ros'
[0.755s] Level 1:colcon.colcon_core.package_discovery:discover_packages(recursive) using defaults
[0.755s] Level 1:colcon.colcon_core.package_discovery:discover_packages(ignore) discover
[0.755s] Level 1:colcon.colcon_core.package_discovery:discover_packages(ignore) using defaults
[0.755s] Level 1:colcon.colcon_core.package_discovery:discover_packages(path) discover
[0.755s] Level 1:colcon.colcon_core.package_discovery:discover_packages(path) using defaults
[0.855s] Level 1:colcon.colcon_core.package_discovery:discover_packages(prefix_path) check parameters
[0.855s] Level 1:colcon.colcon_core.package_discovery:discover_packages(prefix_path) discover
[0.860s] DEBUG:colcon.colcon_installed_package_information.package_discovery:Found 1 installed packages in /home/ltr/aizee/jetson_ws/install
[0.862s] DEBUG:colcon.colcon_installed_package_information.package_discovery:Found 272 installed packages in /opt/ros/humble
[0.865s] Level 1:colcon.colcon_core.package_discovery:discover_packages(prefix_path) using defaults
[0.952s] Level 5:colcon.colcon_core.verb:set package 'rplidar_ros' build argument 'cmake_args' from command line to 'None'
[0.953s] Level 5:colcon.colcon_core.verb:set package 'rplidar_ros' build argument 'cmake_target' from command line to 'None'
[0.953s] Level 5:colcon.colcon_core.verb:set package 'rplidar_ros' build argument 'cmake_target_skip_unavailable' from command line to 'False'
[0.953s] Level 5:colcon.colcon_core.verb:set package 'rplidar_ros' build argument 'cmake_clean_cache' from command line to 'False'
[0.953s] Level 5:colcon.colcon_core.verb:set package 'rplidar_ros' build argument 'cmake_clean_first' from command line to 'False'
[0.953s] Level 5:colcon.colcon_core.verb:set package 'rplidar_ros' build argument 'cmake_force_configure' from command line to 'False'
[0.953s] Level 5:colcon.colcon_core.verb:set package 'rplidar_ros' build argument 'ament_cmake_args' from command line to 'None'
[0.953s] Level 5:colcon.colcon_core.verb:set package 'rplidar_ros' build argument 'catkin_cmake_args' from command line to 'None'
[0.953s] Level 5:colcon.colcon_core.verb:set package 'rplidar_ros' build argument 'catkin_skip_building_tests' from command line to 'False'
[0.953s] DEBUG:colcon.colcon_core.verb:Building package 'rplidar_ros' with the following arguments: {'ament_cmake_args': None, 'build_base': '/home/ltr/aizee/jetson_ws/build/rplidar_ros', 'catkin_cmake_args': None, 'catkin_skip_building_tests': False, 'cmake_args': None, 'cmake_clean_cache': False, 'cmake_clean_first': False, 'cmake_force_configure': False, 'cmake_target': None, 'cmake_target_skip_unavailable': False, 'install_base': '/home/ltr/aizee/jetson_ws/install/rplidar_ros', 'merge_install': False, 'path': '/home/ltr/aizee/jetson_ws/src/rplidar_ros', 'symlink_install': False, 'test_result_base': None}
[0.954s] INFO:colcon.colcon_core.executor:Executing jobs using 'parallel' executor
[0.957s] DEBUG:colcon.colcon_parallel_executor.executor.parallel:run_until_complete
[0.957s] INFO:colcon.colcon_ros.task.ament_cmake.build:Building ROS package in '/home/ltr/aizee/jetson_ws/src/rplidar_ros' with build type 'ament_cmake'
[0.958s] INFO:colcon.colcon_cmake.task.cmake.build:Building CMake package in '/home/ltr/aizee/jetson_ws/src/rplidar_ros'
[0.963s] INFO:colcon.colcon_core.plugin_system:Skipping extension 'colcon_core.shell.bat': Not used on non-Windows systems
[0.963s] INFO:colcon.colcon_core.shell:Skip shell extension 'powershell' for command environment: Not usable outside of PowerShell
[0.963s] DEBUG:colcon.colcon_core.shell:Skip shell extension 'dsv' for command environment
[0.981s] DEBUG:colcon.colcon_core.event_handler.log_command:Invoking command in '/home/ltr/aizee/jetson_ws/build/rplidar_ros': CMAKE_PREFIX_PATH=/opt/ros/humble:${CMAKE_PREFIX_PATH} /usr/bin/cmake /home/ltr/aizee/jetson_ws/src/rplidar_ros -DCMAKE_INSTALL_PREFIX=/home/ltr/aizee/jetson_ws/install/rplidar_ros
[2.960s] DEBUG:colcon.colcon_core.event_handler.log_command:Invoked command in '/home/ltr/aizee/jetson_ws/build/rplidar_ros' returned '0': CMAKE_PREFIX_PATH=/opt/ros/humble:${CMAKE_PREFIX_PATH} /usr/bin/cmake /home/ltr/aizee/jetson_ws/src/rplidar_ros -DCMAKE_INSTALL_PREFIX=/home/ltr/aizee/jetson_ws/install/rplidar_ros
[2.966s] DEBUG:colcon.colcon_core.event_handler.log_command:Invoking command in '/home/ltr/aizee/jetson_ws/build/rplidar_ros': CMAKE_PREFIX_PATH=/opt/ros/humble:${CMAKE_PREFIX_PATH} /usr/bin/cmake --build /home/ltr/aizee/jetson_ws/build/rplidar_ros -- -j6 -l6
[29.605s] DEBUG:colcon.colcon_core.event_handler.log_command:Invoked command in '/home/ltr/aizee/jetson_ws/build/rplidar_ros' returned '0': CMAKE_PREFIX_PATH=/opt/ros/humble:${CMAKE_PREFIX_PATH} /usr/bin/cmake --build /home/ltr/aizee/jetson_ws/build/rplidar_ros -- -j6 -l6
[29.635s] DEBUG:colcon.colcon_core.event_handler.log_command:Invoking command in '/home/ltr/aizee/jetson_ws/build/rplidar_ros': CMAKE_PREFIX_PATH=/opt/ros/humble:${CMAKE_PREFIX_PATH} /usr/bin/cmake --install /home/ltr/aizee/jetson_ws/build/rplidar_ros
[29.697s] Level 1:colcon.colcon_core.environment:create_environment_scripts_only(rplidar_ros)
[29.699s] DEBUG:colcon.colcon_core.event_handler.log_command:Invoked command in '/home/ltr/aizee/jetson_ws/build/rplidar_ros' returned '0': CMAKE_PREFIX_PATH=/opt/ros/humble:${CMAKE_PREFIX_PATH} /usr/bin/cmake --install /home/ltr/aizee/jetson_ws/build/rplidar_ros
[29.708s] Level 1:colcon.colcon_core.environment:checking '/home/ltr/aizee/jetson_ws/install/rplidar_ros' for CMake module files
[29.710s] Level 1:colcon.colcon_core.environment:checking '/home/ltr/aizee/jetson_ws/install/rplidar_ros' for CMake config files
[29.712s] Level 1:colcon.colcon_core.shell:create_environment_hook('rplidar_ros', 'cmake_prefix_path')
[29.713s] INFO:colcon.colcon_core.shell:Creating environment hook '/home/ltr/aizee/jetson_ws/install/rplidar_ros/share/rplidar_ros/hook/cmake_prefix_path.ps1'
[29.717s] INFO:colcon.colcon_core.shell:Creating environment descriptor '/home/ltr/aizee/jetson_ws/install/rplidar_ros/share/rplidar_ros/hook/cmake_prefix_path.dsv'
[29.719s] INFO:colcon.colcon_core.shell:Creating environment hook '/home/ltr/aizee/jetson_ws/install/rplidar_ros/share/rplidar_ros/hook/cmake_prefix_path.sh'
[29.723s] Level 1:colcon.colcon_core.environment:checking '/home/ltr/aizee/jetson_ws/install/rplidar_ros/lib'
[29.724s] Level 1:colcon.colcon_core.environment:checking '/home/ltr/aizee/jetson_ws/install/rplidar_ros/bin'
[29.724s] Level 1:colcon.colcon_core.environment:checking '/home/ltr/aizee/jetson_ws/install/rplidar_ros/lib/pkgconfig/rplidar_ros.pc'
[29.725s] Level 1:colcon.colcon_core.environment:checking '/home/ltr/aizee/jetson_ws/install/rplidar_ros/lib/python3.10/site-packages'
[29.726s] Level 1:colcon.colcon_core.environment:checking '/home/ltr/aizee/jetson_ws/install/rplidar_ros/bin'
[29.728s] INFO:colcon.colcon_core.shell:Creating package script '/home/ltr/aizee/jetson_ws/install/rplidar_ros/share/rplidar_ros/package.ps1'
[29.731s] INFO:colcon.colcon_core.shell:Creating package descriptor '/home/ltr/aizee/jetson_ws/install/rplidar_ros/share/rplidar_ros/package.dsv'
[29.734s] INFO:colcon.colcon_core.shell:Creating package script '/home/ltr/aizee/jetson_ws/install/rplidar_ros/share/rplidar_ros/package.sh'
[29.737s] INFO:colcon.colcon_core.shell:Creating package script '/home/ltr/aizee/jetson_ws/install/rplidar_ros/share/rplidar_ros/package.bash'
[29.740s] INFO:colcon.colcon_core.shell:Creating package script '/home/ltr/aizee/jetson_ws/install/rplidar_ros/share/rplidar_ros/package.zsh'
[29.742s] Level 1:colcon.colcon_core.environment:create_file_with_runtime_dependencies(/home/ltr/aizee/jetson_ws/install/rplidar_ros/share/colcon-core/packages/rplidar_ros)
[29.745s] Level 1:colcon.colcon_core.environment:create_environment_scripts_only(rplidar_ros)
[29.746s] Level 1:colcon.colcon_core.environment:checking '/home/ltr/aizee/jetson_ws/install/rplidar_ros' for CMake module files
[29.747s] Level 1:colcon.colcon_core.environment:checking '/home/ltr/aizee/jetson_ws/install/rplidar_ros' for CMake config files
[29.748s] Level 1:colcon.colcon_core.shell:create_environment_hook('rplidar_ros', 'cmake_prefix_path')
[29.749s] INFO:colcon.colcon_core.shell:Creating environment hook '/home/ltr/aizee/jetson_ws/install/rplidar_ros/share/rplidar_ros/hook/cmake_prefix_path.ps1'
[29.751s] INFO:colcon.colcon_core.shell:Creating environment descriptor '/home/ltr/aizee/jetson_ws/install/rplidar_ros/share/rplidar_ros/hook/cmake_prefix_path.dsv'
[29.752s] INFO:colcon.colcon_core.shell:Creating environment hook '/home/ltr/aizee/jetson_ws/install/rplidar_ros/share/rplidar_ros/hook/cmake_prefix_path.sh'
[29.754s] Level 1:colcon.colcon_core.environment:checking '/home/ltr/aizee/jetson_ws/install/rplidar_ros/lib'
[29.754s] Level 1:colcon.colcon_core.environment:checking '/home/ltr/aizee/jetson_ws/install/rplidar_ros/bin'
[29.754s] Level 1:colcon.colcon_core.environment:checking '/home/ltr/aizee/jetson_ws/install/rplidar_ros/lib/pkgconfig/rplidar_ros.pc'
[29.755s] Level 1:colcon.colcon_core.environment:checking '/home/ltr/aizee/jetson_ws/install/rplidar_ros/lib/python3.10/site-packages'
[29.755s] Level 1:colcon.colcon_core.environment:checking '/home/ltr/aizee/jetson_ws/install/rplidar_ros/bin'
[29.756s] INFO:colcon.colcon_core.shell:Creating package script '/home/ltr/aizee/jetson_ws/install/rplidar_ros/share/rplidar_ros/package.ps1'
[29.758s] INFO:colcon.colcon_core.shell:Creating package descriptor '/home/ltr/aizee/jetson_ws/install/rplidar_ros/share/rplidar_ros/package.dsv'
[29.760s] INFO:colcon.colcon_core.shell:Creating package script '/home/ltr/aizee/jetson_ws/install/rplidar_ros/share/rplidar_ros/package.sh'
[29.761s] INFO:colcon.colcon_core.shell:Creating package script '/home/ltr/aizee/jetson_ws/install/rplidar_ros/share/rplidar_ros/package.bash'
[29.762s] INFO:colcon.colcon_core.shell:Creating package script '/home/ltr/aizee/jetson_ws/install/rplidar_ros/share/rplidar_ros/package.zsh'
[29.764s] Level 1:colcon.colcon_core.environment:create_file_with_runtime_dependencies(/home/ltr/aizee/jetson_ws/install/rplidar_ros/share/colcon-core/packages/rplidar_ros)
[29.765s] DEBUG:colcon.colcon_parallel_executor.executor.parallel:closing loop
[29.766s] DEBUG:colcon.colcon_parallel_executor.executor.parallel:loop closed
[29.768s] DEBUG:colcon.colcon_parallel_executor.executor.parallel:run_until_complete finished with '0'
[29.769s] DEBUG:colcon.colcon_core.event_reactor:joining thread
[29.808s] INFO:colcon.colcon_core.plugin_system:Skipping extension 'colcon_notification.desktop_notification.terminal_notifier': Not used on non-Darwin systems
[29.808s] INFO:colcon.colcon_core.plugin_system:Skipping extension 'colcon_notification.desktop_notification.win32': Not used on non-Windows systems
[29.809s] INFO:colcon.colcon_notification.desktop_notification:Sending desktop notification using 'notify2'
[29.809s] DEBUG:colcon.colcon_notification.desktop_notification.notify2:Failed to initialize notify2: org.freedesktop.DBus.Error.NotSupported: Unable to autolaunch a dbus-daemon without a $DISPLAY for X11
[29.810s] DEBUG:colcon.colcon_core.event_reactor:joined thread
[29.811s] INFO:colcon.colcon_core.shell:Creating prefix script '/home/ltr/aizee/jetson_ws/install/local_setup.ps1'
[29.816s] INFO:colcon.colcon_core.shell:Creating prefix util module '/home/ltr/aizee/jetson_ws/install/_local_setup_util_ps1.py'
[29.822s] INFO:colcon.colcon_core.shell:Creating prefix chain script '/home/ltr/aizee/jetson_ws/install/setup.ps1'
[29.826s] INFO:colcon.colcon_core.shell:Creating prefix script '/home/ltr/aizee/jetson_ws/install/local_setup.sh'
[29.829s] INFO:colcon.colcon_core.shell:Creating prefix util module '/home/ltr/aizee/jetson_ws/install/_local_setup_util_sh.py'
[29.831s] INFO:colcon.colcon_core.shell:Creating prefix chain script '/home/ltr/aizee/jetson_ws/install/setup.sh'
[29.835s] INFO:colcon.colcon_core.shell:Creating prefix script '/home/ltr/aizee/jetson_ws/install/local_setup.bash'
[29.837s] INFO:colcon.colcon_core.shell:Creating prefix chain script '/home/ltr/aizee/jetson_ws/install/setup.bash'
[29.841s] INFO:colcon.colcon_core.shell:Creating prefix script '/home/ltr/aizee/jetson_ws/install/local_setup.zsh'
[29.843s] INFO:colcon.colcon_core.shell:Creating prefix chain script '/home/ltr/aizee/jetson_ws/install/setup.zsh'
