[0.014s] Invoking command in '/home/skavrx/aizee/wsl_ws/build/aizee_model': CMAKE_PREFIX_PATH=${CMAKE_PREFIX_PATH}:/opt/ros/humble CONDA_PROMPT_MODIFIER=(base) /usr/bin/cmake --build /home/skavrx/aizee/wsl_ws/build/aizee_model -- -j12 -l12
[0.068s] Invoked command in '/home/skavrx/aizee/wsl_ws/build/aizee_model' returned '0': CMAKE_PREFIX_PATH=${CMAKE_PREFIX_PATH}:/opt/ros/humble CONDA_PROMPT_MODIFIER=(base) /usr/bin/cmake --build /home/skavrx/aizee/wsl_ws/build/aizee_model -- -j12 -l12
[0.082s] Invoking command in '/home/skavrx/aizee/wsl_ws/build/aizee_model': CMAKE_PREFIX_PATH=${CMAKE_PREFIX_PATH}:/opt/ros/humble CONDA_PROMPT_MODIFIER=(base) /usr/bin/cmake --install /home/skavrx/aizee/wsl_ws/build/aizee_model
[0.093s] -- Install configuration: ""
[0.093s] -- Execute custom install script
[0.094s] -- Up-to-date symlink: /home/skavrx/aizee/wsl_ws/install/aizee_model/share/aizee_model/config/joint_names_aizee_urdf.yaml
[0.094s] -- Up-to-date symlink: /home/skavrx/aizee/wsl_ws/install/aizee_model/share/aizee_model/launch/display.launch
[0.094s] -- Up-to-date symlink: /home/skavrx/aizee/wsl_ws/install/aizee_model/share/aizee_model/launch/gazebo.launch
[0.095s] -- Up-to-date symlink: /home/skavrx/aizee/wsl_ws/install/aizee_model/share/aizee_model/meshes/base_link.STL
[0.095s] -- Up-to-date symlink: /home/skavrx/aizee/wsl_ws/install/aizee_model/share/aizee_model/meshes/bl_wheel_link.STL
[0.095s] -- Up-to-date symlink: /home/skavrx/aizee/wsl_ws/install/aizee_model/share/aizee_model/meshes/br_wheel_link.STL
[0.095s] -- Up-to-date symlink: /home/skavrx/aizee/wsl_ws/install/aizee_model/share/aizee_model/meshes/fl_wheel_link.STL
[0.095s] -- Up-to-date symlink: /home/skavrx/aizee/wsl_ws/install/aizee_model/share/aizee_model/meshes/fr_wheel_link.STL
[0.096s] -- Up-to-date symlink: /home/skavrx/aizee/wsl_ws/install/aizee_model/share/aizee_model/meshes/gantry_base_link.STL
[0.096s] -- Up-to-date symlink: /home/skavrx/aizee/wsl_ws/install/aizee_model/share/aizee_model/meshes/gantry_swivel_link.STL
[0.096s] -- Up-to-date symlink: /home/skavrx/aizee/wsl_ws/install/aizee_model/share/aizee_model/meshes/head_pitch_link.STL
[0.096s] -- Up-to-date symlink: /home/skavrx/aizee/wsl_ws/install/aizee_model/share/aizee_model/meshes/head_swivel_link.STL
[0.096s] -- Up-to-date symlink: /home/skavrx/aizee/wsl_ws/install/aizee_model/share/aizee_model/meshes/head_tilt_link.STL
[0.096s] -- Up-to-date symlink: /home/skavrx/aizee/wsl_ws/install/aizee_model/share/aizee_model/meshes/left_forearm_link.STL
[0.097s] -- Up-to-date symlink: /home/skavrx/aizee/wsl_ws/install/aizee_model/share/aizee_model/meshes/left_lower_elbow_link.STL
[0.097s] -- Up-to-date symlink: /home/skavrx/aizee/wsl_ws/install/aizee_model/share/aizee_model/meshes/left_shoulder_pitch_link.STL
[0.097s] -- Up-to-date symlink: /home/skavrx/aizee/wsl_ws/install/aizee_model/share/aizee_model/meshes/left_upper_arm_link.STL
[0.097s] -- Up-to-date symlink: /home/skavrx/aizee/wsl_ws/install/aizee_model/share/aizee_model/meshes/left_upper_elbow_link.STL
[0.097s] -- Up-to-date symlink: /home/skavrx/aizee/wsl_ws/install/aizee_model/share/aizee_model/meshes/left_wrist_pitch_link.STL
[0.097s] -- Up-to-date symlink: /home/skavrx/aizee/wsl_ws/install/aizee_model/share/aizee_model/meshes/right_forearm_link.STL
[0.098s] -- Up-to-date symlink: /home/skavrx/aizee/wsl_ws/install/aizee_model/share/aizee_model/meshes/right_lower_elbow_link.STL
[0.098s] -- Up-to-date symlink: /home/skavrx/aizee/wsl_ws/install/aizee_model/share/aizee_model/meshes/right_shoulder_pitch_link.STL
[0.098s] -- Up-to-date symlink: /home/skavrx/aizee/wsl_ws/install/aizee_model/share/aizee_model/meshes/right_upper_arm_link.STL
[0.098s] -- Up-to-date symlink: /home/skavrx/aizee/wsl_ws/install/aizee_model/share/aizee_model/meshes/right_upper_elbow_link.STL
[0.098s] -- Up-to-date symlink: /home/skavrx/aizee/wsl_ws/install/aizee_model/share/aizee_model/meshes/wrist_pitch_link.STL
[0.099s] -- Up-to-date symlink: /home/skavrx/aizee/wsl_ws/install/aizee_model/share/aizee_model/urdf/aizee_urdf.csv
[0.099s] -- Up-to-date symlink: /home/skavrx/aizee/wsl_ws/install/aizee_model/share/aizee_model/urdf/aizee_urdf.urdf
[0.099s] -- Up-to-date symlink: /home/skavrx/aizee/wsl_ws/install/aizee_model/share/ament_index/resource_index/package_run_dependencies/aizee_model
[0.099s] -- Up-to-date symlink: /home/skavrx/aizee/wsl_ws/install/aizee_model/share/ament_index/resource_index/parent_prefix_path/aizee_model
[0.099s] -- Up-to-date symlink: /home/skavrx/aizee/wsl_ws/install/aizee_model/share/aizee_model/environment/ament_prefix_path.sh
[0.100s] -- Up-to-date symlink: /home/skavrx/aizee/wsl_ws/install/aizee_model/share/aizee_model/environment/ament_prefix_path.dsv
[0.100s] -- Up-to-date symlink: /home/skavrx/aizee/wsl_ws/install/aizee_model/share/aizee_model/environment/path.sh
[0.100s] -- Up-to-date symlink: /home/skavrx/aizee/wsl_ws/install/aizee_model/share/aizee_model/environment/path.dsv
[0.100s] -- Up-to-date symlink: /home/skavrx/aizee/wsl_ws/install/aizee_model/share/aizee_model/local_setup.bash
[0.101s] -- Up-to-date symlink: /home/skavrx/aizee/wsl_ws/install/aizee_model/share/aizee_model/local_setup.sh
[0.101s] -- Up-to-date symlink: /home/skavrx/aizee/wsl_ws/install/aizee_model/share/aizee_model/local_setup.zsh
[0.101s] -- Up-to-date symlink: /home/skavrx/aizee/wsl_ws/install/aizee_model/share/aizee_model/local_setup.dsv
[0.101s] -- Symlinking: /home/skavrx/aizee/wsl_ws/install/aizee_model/share/aizee_model/package.dsv
[0.115s] -- Up-to-date symlink: /home/skavrx/aizee/wsl_ws/install/aizee_model/share/ament_index/resource_index/packages/aizee_model
[0.115s] -- Up-to-date symlink: /home/skavrx/aizee/wsl_ws/install/aizee_model/share/aizee_model/cmake/aizee_modelConfig.cmake
[0.115s] -- Up-to-date symlink: /home/skavrx/aizee/wsl_ws/install/aizee_model/share/aizee_model/cmake/aizee_modelConfig-version.cmake
[0.115s] -- Up-to-date symlink: /home/skavrx/aizee/wsl_ws/install/aizee_model/share/aizee_model/package.xml
[0.119s] Invoked command in '/home/skavrx/aizee/wsl_ws/build/aizee_model' returned '0': CMAKE_PREFIX_PATH=${CMAKE_PREFIX_PATH}:/opt/ros/humble CONDA_PROMPT_MODIFIER=(base) /usr/bin/cmake --install /home/skavrx/aizee/wsl_ws/build/aizee_model
